2026-08-26,08:00:00,0,sistema
2026-08-26,08:13:00,0,admin
2026-08-26,08:24:00,0,admin
2026-08-26,08:06:00,2,anonimo
2026-08-26,08:40:00,3,usuario2
2026-08-26,08:45:00,3,usuario2
2026-08-26,09:12:00,3,usuario2
2026-08-26,09:10:00,2,usuario1
2026-08-26,09:28:00,0,usuario1
2026-08-26,09:57:00,0,usuario1
2026-08-26,10:00:00,0,admin
2026-08-26,09:39:00,1,usuario1
2026-08-26,11:00:00,1,usuario1
2026-08-26,08:26:00,0,usuario1
2026-08-26,11:30:00,1,admin
2026-08-26,10:00:00,0,admin
2026-08-26,09:20:00,2,usuario2
2026-08-26,08:51:00,3,admin
2026-08-26,11:00:00,1,anonimo
2026-08-26,11:48:00,3,sistema
2026-08-26,13:00:00,0,admin
2026-08-26,11:09:00,3,anonimo
2026-08-26,09:50:00,2,admin
2026-08-26,11:27:00,0,anonimo
2026-08-26,09:36:00,3,anonimo
2026-08-26,10:05:00,3,suporte
2026-08-26,13:12:00,3,admin
2026-08-26,08:27:00,1,usuario2
2026-08-26,11:16:00,0,usuario2
2026-08-26,11:52:00,3,usuario1
2026-08-26,08:30:00,2,admin
2026-08-26,11:37:00,2,usuario1
2026-08-26,11:44:00,2,usuario1
2026-08-26,12:57:00,3,suporte
2026-08-26,14:14:00,0,suporte
2026-08-26,10:20:00,1,anonimo
2026-08-26,11:00:00,0,usuario1
2026-08-26,11:42:00,3,sistema
2026-08-26,16:52:00,2,usuario1
2026-08-26,17:06:00,1,usuario1
2026-08-26,08:40:00,3,admin
2026-08-26,08:41:00,1,suporte
2026-08-26,15:00:00,3,usuario1
2026-08-26,14:27:00,3,usuario1
2026-08-26,08:44:00,0,anonimo
2026-08-26,17:00:00,2,sistema
2026-08-26,08:46:00,3,anonimo
2026-08-26,11:55:00,0,usuario1
2026-08-26,12:48:00,1,admin
2026-08-26,17:48:00,0,suporte
2026-08-26,09:40:00,3,admin
2026-08-26,13:57:00,0,sistema
2026-08-26,12:20:00,1,usuario1
2026-08-26,20:22:00,0,anonimo
2026-08-26,08:54:00,0,usuario2
2026-08-26,19:00:00,2,anonimo
2026-08-26,22:00:00,3,suporte
2026-08-26,18:27:00,0,sistema
2026-08-26,15:44:00,1,anonimo
2026-08-26,21:46:00,1,anonimo
2026-08-26,21:00:00,3,suporte
2026-08-26,20:12:00,2,sistema
2026-08-26,16:16:00,0,usuario2
2026-08-26,16:24:00,0,usuario1
2026-08-26,14:24:00,1,sistema
2026-08-26,12:20:00,2,usuario1
2026-08-26,22:18:00,0,usuario1
2026-08-26,16:56:00,2,usuario2
2026-08-26,15:56:00,1,usuario1
2026-08-26,21:48:00,2,usuario1
2026-08-26,22:00:00,2,suporte
2026-08-26,09:11:00,0,usuario1
2026-08-26,12:48:00,1,sistema
2026-08-26,09:13:00,0,suporte
2026-08-26,14:10:00,3,usuario2
2026-08-26,21:45:00,1,usuario2
2026-08-26,14:20:00,2,admin
2026-08-26,23:24:00,2,anonimo
2026-08-26,21:00:00,0,usuario2
2026-08-26,11:57:00,2,sistema
2026-08-26,17:20:00,3,usuario1
2026-08-26,14:45:00,2,suporte
2026-08-27,04:30:00,3,usuario2
2026-08-26,17:41:00,3,sistema
2026-08-26,20:36:00,3,usuario1
2026-08-26,10:50:00,2,sistema
2026-08-26,12:18:00,2,usuario2
2026-08-27,01:24:00,3,sistema
2026-08-26,22:40:00,3,sistema
2026-08-26,18:23:00,0,suporte
2026-08-26,15:30:00,3,usuario1
2026-08-26,21:39:00,2,usuario1
2026-08-27,02:24:00,2,usuario1
2026-08-27,07:15:00,0,suporte
2026-08-27,02:48:00,1,sistema
2026-08-26,09:35:00,1,usuario1
2026-08-26,20:48:00,3,anonimo
2026-08-26,11:14:00,0,sistema
2026-08-27,01:58:00,1,admin
2026-08-27,08:45:00,1,usuario2
2026-08-27,07:20:00,2,anonimo
2026-08-27,04:12:00,2,admin
2026-08-26,09:42:00,1,admin
2026-08-27,02:53:00,2,sistema
2026-08-26,14:56:00,0,suporte
2026-08-26,09:45:00,0,anonimo
2026-08-26,13:18:00,1,usuario1
2026-08-26,20:29:00,3,sistema
2026-08-27,05:36:00,2,usuario1
2026-08-26,13:27:00,3,admin
2026-08-26,13:30:00,1,suporte
2026-08-27,08:03:00,0,usuario1
2026-08-27,10:08:00,0,admin
2026-08-26,11:46:00,0,usuario1
2026-08-27,08:42:00,1,admin
2026-08-26,23:20:00,2,admin
2026-08-27,01:24:00,2,sistema
2026-08-26,11:54:00,2,usuario1
2026-08-26,19:48:00,3,usuario1
2026-08-27,05:49:00,2,admin
2026-08-27,08:00:00,3,admin
2026-08-27,12:14:00,0,admin
2026-08-27,02:18:00,1,admin
2026-08-26,22:21:00,3,admin
2026-08-27,06:44:00,0,anonimo
2026-08-27,02:45:00,3,usuario1
2026-08-26,10:06:00,2,usuario2
2026-08-27,09:24:00,2,sistema
2026-08-26,12:16:00,1,sistema
2026-08-26,16:36:00,3,admin
2026-08-26,18:50:00,0,anonimo
2026-08-27,10:12:00,0,suporte
2026-08-26,12:24:00,0,admin
2026-08-26,16:52:00,2,suporte
2026-08-26,14:42:00,2,suporte
2026-08-27,08:45:00,0,sistema
2026-08-27,02:08:00,2,suporte
2026-08-26,10:17:00,3,suporte
2026-08-26,10:18:00,3,sistema
2026-08-26,21:54:00,0,anonimo
2026-08-26,17:20:00,3,sistema
2026-08-26,12:42:00,1,suporte
2026-08-27,12:24:00,3,sistema
2026-08-27,10:13:00,2,sistema
2026-08-26,15:12:00,3,suporte
2026-08-27,15:25:00,3,usuario1
2026-08-27,05:54:00,0,anonimo
2026-08-27,06:03:00,2,sistema
2026-08-27,01:16:00,2,usuario1
2026-08-26,10:29:00,3,admin
2026-08-27,04:00:00,0,usuario1
2026-08-26,10:31:00,3,admin
2026-08-27,19:28:00,3,usuario1
2026-08-27,12:03:00,3,anonimo
2026-08-27,04:32:00,1,usuario2
2026-08-26,10:35:00,3,suporte
2026-08-26,13:12:00,3,sistema
2026-08-26,10:37:00,3,sistema
2026-08-26,21:10:00,2,usuario2
2026-08-27,05:12:00,3,sistema
2026-08-27,05:20:00,0,suporte
2026-08-27,16:12:00,2,usuario1
2026-08-28,00:30:00,1,usuario1
2026-08-27,13:53:00,1,admin
2026-08-27,22:16:00,1,admin
2026-08-28,01:15:00,1,sistema
2026-08-27,11:40:00,2,anonimo
2026-08-26,13:34:00,0,anonimo
2026-08-27,14:48:00,2,usuario2
2026-08-26,16:27:00,1,admin
2026-08-28,02:30:00,2,sistema
2026-08-27,23:54:00,1,sistema
2026-08-28,00:08:00,0,admin
2026-08-27,18:36:00,3,usuario2
2026-08-26,13:48:00,2,usuario1
2026-08-27,13:10:00,2,usuario1
2026-08-26,13:52:00,0,suporte
2026-08-28,01:18:00,1,sistema
2026-08-28,01:32:00,0,usuario2
2026-08-27,22:47:00,2,sistema
2026-08-26,17:00:00,3,suporte
2026-08-27,02:06:00,2,admin
2026-08-26,11:02:00,1,sistema
2026-08-27,14:30:00,2,sistema
2026-08-26,14:08:00,0,anonimo
2026-08-27,11:45:00,2,admin
2026-08-27,15:00:00,3,usuario2
2026-08-27,18:17:00,1,admin
2026-08-27,15:20:00,3,anonimo
2026-08-26,11:09:00,3,usuario2
2026-08-28,07:30:00,3,usuario1
2026-08-28,07:45:00,3,anonimo
2026-08-28,04:48:00,1,sistema
2026-08-27,06:31:00,1,usuario1
2026-08-28,02:02:00,0,sistema
2026-08-26,11:15:00,3,anonimo
2026-08-26,11:16:00,0,admin
2026-08-26,21:08:00,3,suporte
2026-08-27,20:18:00,1,usuario1
2026-08-26,17:57:00,0,admin